MAP 
NAME cadastre 
STATUS on 
SIZE 3100 2600 
UNITS meters 
IMAGECOLOR 255 255 255 
FONTSET"fonts/fontset.txt" 
IMAGETYPE png 
OUTPUTFORMAT 
NAME png 
DRIVER "GD/PNG" 
MIMETYPE "image/png" 
IMAGEMODE RGB
EXTENSION "png" 
FORMATOPTION "INTERLACE=OFF" 
FORMATOPTION "QUALITY=100" 
END 
WEB 
TEMPLATE capm_svg.php 
IMAGEPATH "/home/sig/gismeaux/application/tmp/" 
IMAGEURL "/tmp/" 
END 
#BIBLIO_SYMBOLE# 
SYMBOL 
NAME 'circle' 
TYPE ELLIPSE 
POINTS 1 1 END 
FILLED false 
END 
SYMBOL 
NAME 'agrille' 
TYPE vector 
POINTS 
#rect 
0.1 0 
0.1 0.65 
0.9 0.65 
0.9 0 
0.1 0 
-99 -99 
#cercle 
0.5 0.05 
0.4 0.075 
0.35 0.125 
0.325 0.225 
0.35 0.325 
0.4 0.375 
0.5 0.4 
0.6 0.375 
0.625 0.325 
0.675 0.225 
0.6 0.075 
0.5 0.05 
-99 -99 
#demi cercle 
0.1 0.65 
0.25 0.55 
0.5 0.5 
0.75 0.55 
0.9 0.65 
-99 -99 
#rect grille 
0.3 0.65 
0.3 1 
0.7 1 
0.7 0.65 
-99 -99 
#ligne grille 
0.325 0.725 
0.675 0.725 
-99 -99 
0.325 0.825 
0.675 0.825 
-99 -99 
0.325 0.925 
0.675 0.925 
-99 -99 
END 
FILLed false 
end 
SYMBOL 
NAME 'avaloir' 
TYPE vector 
POINTS 
0 0 
0 1 
1 1 
1 0 
0 0 
-99 -99 
0 1  
0.25 0.87 
0.5 0.80 
0.75 0.87 
1 1 
-99 -99 
0.5 0.1 
0.35 0.15 
0.28 0.25 
0.25 0.35 
0.28 0.45 
0.35 0.55 
0.5 0.6 
0.65 0.55 
0.72 0.45 
0.75 0.35 
0.72 0.25 
0.65 0.15 
0.5 0.1 
END 
FILLED false 
END 
SYMBOL 
NAME 'carre' 
TYPE vector 
POINTS 
0 0 
0 1 
1 1 
1 0 
0 0 
END 
FILLed false 
end 
SYMBOL 
NAME 'croix' 
TYPE vector 
POINTS 
0 0 
1 1 
-99 -99 
0 1 
1 0 
END 
end 
SYMBOL 
NAME 'grille' 
TYPE vector 
POINTS 
0 0 
0 1 
1 1 
1 0 
0 0 
-99 -99  
0 0.75 
1 0.75 
-99 -99 
0 0.5 
1 0.5 
-99 -99 
0 0.25 
1 0.25 
END 
end  
SYMBOL 
NAME 'regard' 
TYPE ELLIPSE 
POINTS 1 1 END 
FILLED TRUE 
END 
LAYER 
NAME "ortho-photoidx" 
STATUS on 
TYPE polygon 
CONNECTIONTYPE postgis 
CONNECTION "dbname=sig host=localhost user=sig password=sig" 
DATA "the_geom from cadastre.orthotif using unique the_geom using SRID=-1" 
END 
 
LAYER 
NAME "ortho-photo" group "ortho-photo" 
STATUS on 
TYPE raster 
#MAXSCALE 57435
#MINSCALE 574
TILEINDEX "ortho-photoidx" 
TILEITEM "location" 
END 
 
LAYER 
CONNECTIONTYPE postgis 
NAME "Bati_dur" group "batiment" 
CONNECTION "dbname=sig host=localhost user=sig password=sig" 
DATA "the_geom from cadastre.batiment using unique the_geom using SRID=-1" 
STATUS on 
TYPE polygon 
FILTER "code_insee like '%insee%%' or code_insee is null" 
CLASS 
EXPRESSION ('[constructi]' eq 'Bati dur') 
COLOR 184 84 149 
END 
END 

LAYER 
CONNECTIONTYPE postgis 
NAME "Bati_leger" group "batiment" 
CONNECTION "dbname=sig host=localhost user=sig password=sig" 
DATA "the_geom from cadastre.batiment using unique the_geom using SRID=-1" 
STATUS on 
TYPE polygon 
FILTER "code_insee like '%insee%%' or code_insee is null" 
CLASS 
EXPRESSION ('[constructi]' eq 'Bati leger') 
COLOR 221 174 205 
END 
END 

LAYER
CONNECTIONTYPE postgis
NAME "selparcelle" group "parcelle"
CONNECTION "dbname=sig host=localhost user=sig password=sig"
DATA "the_geom from cadastre.tempparc using unique the_geom using SRID=-1" 
STATUS off
TYPE polygon 
FILTER "session like '%sess%'"
LABELITEM labeli
CLASS
LABEL
TYPE truetype
FONT "arial"
COLOR 0 0 0
SIZE 14
END
#COLOR 255 255 255
OUTLINECOLOR 255 0 0
END
TRANSPARENCY 100
END

LAYER 
CONNECTIONTYPE postgis 
NAME "parcelle" group "parcelle" 
CONNECTION "dbname=sig host=localhost user=sig password=sig" 
DATA "the_geom from cadastre.parcelle_commune using unique the_geom using SRID=-1" 
STATUS on 
TYPE polygon 
FILTER "code_insee like '%insee%%' or code_insee is null" 
CLASS 
COLOR 255 124 0 
OUTLINECOLOR 0 0 0 
END 
TRANSPARENCY 24 
END 
 
LAYER 
CONNECTIONTYPE postgis 
NAME "etangs" group "etangs" 
CONNECTION "dbname=sig host=localhost user=sig password=sig" 
DATA "the_geom from hydro.etangs using unique the_geom using SRID=-1" 
STATUS on 
TYPE polygon 
FILTER "code_insee like '%insee%%' or code_insee is null" 
CLASS 
COLOR 0 178 170 
END 
TRANSPARENCY 46 
END 
 
LAYER 
CONNECTIONTYPE postgis 
NAME "hydro" group "hydro" 
CONNECTION "dbname=sig host=localhost user=sig password=sig" 
DATA "the_geom from hydro.hydro using unique the_geom using SRID=-1" 
STATUS on 
TYPE polygon 
FILTER "code_insee like '%insee%%' or code_insee is null" 
CLASS 
COLOR 0 68 206 
END 
TRANSPARENCY 46 
END 
 
LAYER 
CONNECTIONTYPE postgis 
NAME "nom_voie" group "nom_voie" 
CONNECTION "dbname=sig host=localhost user=sig password=sig" 
DATA "the_geom from cadastre.nomvoie using unique the_geom using SRID=-1" 
STATUS on 
TYPE annotation 
FILTER "code_insee like '%insee%%' or code_insee is null" 
CLASS 
text ([texte] [texte2] [texte3] [texte4] [texte5] [texte6] [texte7] [texte8] [texte9] [texte10]) 
label 
angle auto 
type truetype 
font "verdanab" 
position cc 
size 12
COLOR 0 0 0 
END 
END 
END 
 
LAYER 
CONNECTIONTYPE postgis 
NAME "autoroutes" group "autoroutes" 
CONNECTION "dbname=sig host=localhost user=sig password=sig" 
DATA "the_geom from routes.autoroutes using unique the_geom using SRID=-1" 
STATUS on 
TYPE line 
FILTER "code_insee like '%insee%%' or code_insee is null" 
CLASS 
OUTLINECOLOR 203 0 0 
symbol "circle" 
SIZE 5 
END 
TRANSPARENCY 100 
END 
 
LAYER 
CONNECTIONTYPE postgis 
NAME "pupitre" group "pupitre" 
CONNECTION "dbname=sig host=localhost user=sig password=sig" 
DATA "the_geom from culturel.pupitres using unique the_geom using SRID=-1" 
STATUS on 
TYPE annotation 
FILTER "code_insee like '%insee%%' or code_insee is null" 
CLASS 
text ('y') 
label 
angle auto 
type truetype 
font "svg" 
position cc 
size 40 
COLOR 0 0 0 
END 
END 
END 
 
LAYER 
CONNECTIONTYPE postgis 
NAME "num_voie" group "num_voie" 
CONNECTION "dbname=sig host=localhost user=sig password=sig" 
DATA "the_geom from cadastre.numvoie using unique the_geom using SRID=-1" 
STATUS on 
TYPE annotation 
FILTER "code_insee like '%insee%%' or code_insee is null" 
CLASS 
text ([texte]) 
label 
angle auto 
type truetype 
font "verdanab" 
position cc 
size 12 
COLOR 0 0 255 
END 
END 
END 
 
LAYER 
CONNECTIONTYPE postgis 
NAME "cotation" group "cotation" 
CONNECTION "dbname=sig host=localhost user=sig password=sig" 
DATA "the_geom FROM admin_svg.temp_cotation using unique the_geom using SRID=-1" 
STATUS on 
TYPE line 
FILTER "session_temp like '%sess%'" 
LABELITEM valeur 
CLASS 
EXPRESSION ('[type]' eq 'line') 
LABEL 
COLOR 255 0 0 
ANGLE auto 
TYPE truetype 
ANTIALIAS true 
FONT "arial" 
POSITION uc 
MINSIZE 10 
MAXSIZE 15 
END 
OUTLINECOLOR  0 0 255 
END 
CLASS 
EXPRESSION ('[type]' eq 'fleche') 
OUTLINECOLOR 255 0 0 
END 
END 
END
